

athoth aergokaperg

thomrtpomhpaomathoth aergokaperg

              thomrtpomhpaomathoth aergokaperg

                            thomrtpomhpaomathoth aergokaperg

                                          thomrtpomhpaomathoth aergokaperg

                                                        thomrtpomhpaom


                                                        athoth aergokaperg

                                                        thomrtpomhpaom

athoth aergokaperg

thomrtpomhpaomathoth aergokaperg

              thomrtpomhpaomathoth aergokaperg

                            thomrtpomhpaomathoth aergokaperg

                                          thomrtpomhpaomathoth aergokaperg

                                                        thomrtpomhpaom


                                                        athoth aergokaperg

                                                        thomrtpomhpaom

athoth aergokaperg

thomrtpomhpaomathoth aergokaperg

              thomrtpomhpaomathoth aergokaperg

                            thomrtpomhpaomathoth aergokaperg

                                          thomrtpomhpaomathoth aergokaperg

                                                        thomrtpomhpaom


                                                        athoth aergokaperg

                                                        thomrtpomhpaom

athoth aergokaperg

thomrtpomhpaomathoth aergokaperg

              thomrtpomhpaomathoth aergokaperg

                            thomrtpomhpaomathoth aergokaperg

                                          thomrtpomhpaomathoth aergokaperg

                                                        thomrtpomhpaom


                                                        athoth aergokaperg

                                                        thomrtpomhpaom

athoth aergokaperg

thomrtpomhpaomathoth aergokaperg

              thomrtpomhpaomathoth aergokaperg

                            thomrtpomhpaomathoth aergokaperg

                                          thomrtpomhpaomathoth aergokaperg

                                                        thomrtpomhpaom


                                                        athoth aergokaperg

                                                        thomrtpomhpaom

athoth aergokaperg

thomrtpomhpaomathoth aergokaperg

              thomrtpomhpaomathoth aergokaperg

                            thomrtpomhpaomathoth aergokaperg

                                          thomrtpomhpaomathoth aergokaperg

                                                        thomrtpomhpaom


                                                        athoth aergokaperg

                                                        thomrtpomhpaom